// Jest Snapshot v1, https://goo.gl/fbAQLP

exports[`Index should export correctly 1`] = `
Object {
  "ConnectorError": [Function],
  "CustomError": [Function],
  "HttpError": [Function],
  "logger": Object {
    "alert": [Function],
    "critical": [Function],
    "debug": [Function],
    "emergency": [Function],
    "error": [Function],
    "info": [Function],
    "notice": [Function],
    "start": [Function],
    "stop": [Function],
    "warning": [Function],
  },
}
`;
